

================================================================
== Vivado HLS Report for 'mandel_calc'
================================================================
* Date:           Sun Mar  4 20:27:43 2018

* Version:        2017.4 (Build 2086221 on Fri Dec 15 21:13:33 MST 2017)
* Project:        mandelbrot_pixel
* Solution:       solution6
* Product family: artix7
* Target device:  xc7a35tcpg236-1


================================================================
== Performance Estimates
================================================================
+ Timing (ns): 
    * Summary: 
    +--------+-------+----------+------------+
    |  Clock | Target| Estimated| Uncertainty|
    +--------+-------+----------+------------+
    |ap_clk  |  10.00|    346.88|        1.25|
    +--------+-------+----------+------------+

+ Latency (clock cycles): 
    * Summary: 
    +-----+-----+-----+-----+---------+
    |  Latency  |  Interval | Pipeline|
    | min | max | min | max |   Type  |
    +-----+-----+-----+-----+---------+
    |   15|   15|   15|   15|   none  |
    +-----+-----+-----+-----+---------+

    + Detail: 
        * Instance: 
        N/A

        * Loop: 
        +----------+-----+-----+----------+-----------+-----------+------+----------+
        |          |  Latency  | Iteration|  Initiation Interval  | Trip |          |
        | Loop Name| min | max |  Latency |  achieved |   target  | Count| Pipelined|
        +----------+-----+-----+----------+-----------+-----------+------+----------+
        |- myloop  |   12|   12|         5|          1|          1|     8|    yes   |
        +----------+-----+-----+----------+-----------+-----------+------+----------+



================================================================
== Utilization Estimates
================================================================
* Summary: 
+-----------------+---------+-------+-------+-------+
|       Name      | BRAM_18K| DSP48E|   FF  |  LUT  |
+-----------------+---------+-------+-------+-------+
|DSP              |        -|     90|      -|      -|
|Expression       |        -|      -|      0|   6466|
|FIFO             |        -|      -|      -|      -|
|Instance         |        -|      -|      -|      -|
|Memory           |        -|      -|      -|      -|
|Multiplexer      |        -|      -|      -|    245|
|Register         |        0|      -|   4540|    960|
+-----------------+---------+-------+-------+-------+
|Total            |        0|     90|   4540|   7671|
+-----------------+---------+-------+-------+-------+
|Available        |      100|     90|  41600|  20800|
+-----------------+---------+-------+-------+-------+
|Utilization (%)  |        0|    100|     10|     36|
+-----------------+---------+-------+-------+-------+

+ Detail: 
    * Instance: 
    N/A

    * DSP48: 
    +--------------------------+----------------------+-----------+
    |         Instance         |        Module        | Expression|
    +--------------------------+----------------------+-----------+
    |mandel_calc_mul_mbkb_U1   |mandel_calc_mul_mbkb  |  i0 * i0  |
    |mandel_calc_mul_mbkb_U2   |mandel_calc_mul_mbkb  |  i0 * i0  |
    |mandel_calc_mul_mbkb_U4   |mandel_calc_mul_mbkb  |  i0 * i0  |
    |mandel_calc_mul_mbkb_U5   |mandel_calc_mul_mbkb  |  i0 * i0  |
    |mandel_calc_mul_mbkb_U7   |mandel_calc_mul_mbkb  |  i0 * i0  |
    |mandel_calc_mul_mbkb_U8   |mandel_calc_mul_mbkb  |  i0 * i0  |
    |mandel_calc_mul_mbkb_U10  |mandel_calc_mul_mbkb  |  i0 * i0  |
    |mandel_calc_mul_mbkb_U11  |mandel_calc_mul_mbkb  |  i0 * i0  |
    |mandel_calc_mul_mbkb_U13  |mandel_calc_mul_mbkb  |  i0 * i0  |
    |mandel_calc_mul_mbkb_U14  |mandel_calc_mul_mbkb  |  i0 * i0  |
    |mandel_calc_mul_mbkb_U16  |mandel_calc_mul_mbkb  |  i0 * i0  |
    |mandel_calc_mul_mbkb_U17  |mandel_calc_mul_mbkb  |  i0 * i0  |
    |mandel_calc_mul_mbkb_U19  |mandel_calc_mul_mbkb  |  i0 * i0  |
    |mandel_calc_mul_mbkb_U20  |mandel_calc_mul_mbkb  |  i0 * i0  |
    |mandel_calc_mul_mbkb_U22  |mandel_calc_mul_mbkb  |  i0 * i0  |
    |mandel_calc_mul_mbkb_U23  |mandel_calc_mul_mbkb  |  i0 * i0  |
    |mandel_calc_mul_mbkb_U25  |mandel_calc_mul_mbkb  |  i0 * i0  |
    |mandel_calc_mul_mbkb_U26  |mandel_calc_mul_mbkb  |  i0 * i0  |
    |mandel_calc_mul_mbkb_U28  |mandel_calc_mul_mbkb  |  i0 * i0  |
    |mandel_calc_mul_mbkb_U29  |mandel_calc_mul_mbkb  |  i0 * i0  |
    |mandel_calc_mul_mbkb_U31  |mandel_calc_mul_mbkb  |  i0 * i0  |
    |mandel_calc_mul_mbkb_U32  |mandel_calc_mul_mbkb  |  i0 * i0  |
    |mandel_calc_mul_mbkb_U34  |mandel_calc_mul_mbkb  |  i0 * i0  |
    |mandel_calc_mul_mbkb_U35  |mandel_calc_mul_mbkb  |  i0 * i0  |
    |mandel_calc_mul_mbkb_U37  |mandel_calc_mul_mbkb  |  i0 * i0  |
    |mandel_calc_mul_mbkb_U38  |mandel_calc_mul_mbkb  |  i0 * i0  |
    |mandel_calc_mul_mbkb_U40  |mandel_calc_mul_mbkb  |  i0 * i0  |
    |mandel_calc_mul_mbkb_U41  |mandel_calc_mul_mbkb  |  i0 * i0  |
    |mandel_calc_mul_mbkb_U43  |mandel_calc_mul_mbkb  |  i0 * i0  |
    |mandel_calc_mul_mbkb_U44  |mandel_calc_mul_mbkb  |  i0 * i0  |
    |mandel_calc_mul_mbkb_U46  |mandel_calc_mul_mbkb  |  i0 * i0  |
    |mandel_calc_mul_mbkb_U47  |mandel_calc_mul_mbkb  |  i0 * i0  |
    |mandel_calc_mul_mbkb_U49  |mandel_calc_mul_mbkb  |  i0 * i0  |
    |mandel_calc_mul_mbkb_U50  |mandel_calc_mul_mbkb  |  i0 * i0  |
    |mandel_calc_mul_mbkb_U52  |mandel_calc_mul_mbkb  |  i0 * i0  |
    |mandel_calc_mul_mbkb_U53  |mandel_calc_mul_mbkb  |  i0 * i0  |
    |mandel_calc_mul_mbkb_U55  |mandel_calc_mul_mbkb  |  i0 * i0  |
    |mandel_calc_mul_mbkb_U56  |mandel_calc_mul_mbkb  |  i0 * i0  |
    |mandel_calc_mul_mbkb_U58  |mandel_calc_mul_mbkb  |  i0 * i0  |
    |mandel_calc_mul_mbkb_U59  |mandel_calc_mul_mbkb  |  i0 * i0  |
    |mandel_calc_mul_mbkb_U61  |mandel_calc_mul_mbkb  |  i0 * i0  |
    |mandel_calc_mul_mbkb_U62  |mandel_calc_mul_mbkb  |  i0 * i0  |
    |mandel_calc_mul_mbkb_U64  |mandel_calc_mul_mbkb  |  i0 * i0  |
    |mandel_calc_mul_mbkb_U65  |mandel_calc_mul_mbkb  |  i0 * i0  |
    |mandel_calc_mul_mbkb_U67  |mandel_calc_mul_mbkb  |  i0 * i0  |
    |mandel_calc_mul_mbkb_U68  |mandel_calc_mul_mbkb  |  i0 * i0  |
    |mandel_calc_mul_mbkb_U70  |mandel_calc_mul_mbkb  |  i0 * i0  |
    |mandel_calc_mul_mbkb_U71  |mandel_calc_mul_mbkb  |  i0 * i0  |
    |mandel_calc_mul_mbkb_U73  |mandel_calc_mul_mbkb  |  i0 * i0  |
    |mandel_calc_mul_mbkb_U74  |mandel_calc_mul_mbkb  |  i0 * i0  |
    |mandel_calc_mul_mbkb_U76  |mandel_calc_mul_mbkb  |  i0 * i0  |
    |mandel_calc_mul_mbkb_U77  |mandel_calc_mul_mbkb  |  i0 * i0  |
    |mandel_calc_mul_mbkb_U79  |mandel_calc_mul_mbkb  |  i0 * i0  |
    |mandel_calc_mul_mbkb_U80  |mandel_calc_mul_mbkb  |  i0 * i0  |
    |mandel_calc_mul_mbkb_U82  |mandel_calc_mul_mbkb  |  i0 * i0  |
    |mandel_calc_mul_mbkb_U83  |mandel_calc_mul_mbkb  |  i0 * i0  |
    |mandel_calc_mul_mbkb_U85  |mandel_calc_mul_mbkb  |  i0 * i0  |
    |mandel_calc_mul_mbkb_U86  |mandel_calc_mul_mbkb  |  i0 * i0  |
    |mandel_calc_mul_mbkb_U88  |mandel_calc_mul_mbkb  |  i0 * i0  |
    |mandel_calc_mul_mbkb_U89  |mandel_calc_mul_mbkb  |  i0 * i0  |
    |mandel_calc_mul_mcud_U3   |mandel_calc_mul_mcud  |  i0 * i1  |
    |mandel_calc_mul_mcud_U6   |mandel_calc_mul_mcud  |  i0 * i1  |
    |mandel_calc_mul_mcud_U9   |mandel_calc_mul_mcud  |  i0 * i1  |
    |mandel_calc_mul_mcud_U12  |mandel_calc_mul_mcud  |  i0 * i1  |
    |mandel_calc_mul_mcud_U15  |mandel_calc_mul_mcud  |  i0 * i1  |
    |mandel_calc_mul_mcud_U18  |mandel_calc_mul_mcud  |  i0 * i1  |
    |mandel_calc_mul_mcud_U21  |mandel_calc_mul_mcud  |  i0 * i1  |
    |mandel_calc_mul_mcud_U24  |mandel_calc_mul_mcud  |  i0 * i1  |
    |mandel_calc_mul_mcud_U27  |mandel_calc_mul_mcud  |  i0 * i1  |
    |mandel_calc_mul_mcud_U30  |mandel_calc_mul_mcud  |  i0 * i1  |
    |mandel_calc_mul_mcud_U33  |mandel_calc_mul_mcud  |  i0 * i1  |
    |mandel_calc_mul_mcud_U36  |mandel_calc_mul_mcud  |  i0 * i1  |
    |mandel_calc_mul_mcud_U39  |mandel_calc_mul_mcud  |  i0 * i1  |
    |mandel_calc_mul_mcud_U42  |mandel_calc_mul_mcud  |  i0 * i1  |
    |mandel_calc_mul_mcud_U45  |mandel_calc_mul_mcud  |  i0 * i1  |
    |mandel_calc_mul_mcud_U48  |mandel_calc_mul_mcud  |  i0 * i1  |
    |mandel_calc_mul_mcud_U51  |mandel_calc_mul_mcud  |  i0 * i1  |
    |mandel_calc_mul_mcud_U54  |mandel_calc_mul_mcud  |  i0 * i1  |
    |mandel_calc_mul_mcud_U57  |mandel_calc_mul_mcud  |  i0 * i1  |
    |mandel_calc_mul_mcud_U60  |mandel_calc_mul_mcud  |  i0 * i1  |
    |mandel_calc_mul_mcud_U63  |mandel_calc_mul_mcud  |  i0 * i1  |
    |mandel_calc_mul_mcud_U66  |mandel_calc_mul_mcud  |  i0 * i1  |
    |mandel_calc_mul_mcud_U69  |mandel_calc_mul_mcud  |  i0 * i1  |
    |mandel_calc_mul_mcud_U72  |mandel_calc_mul_mcud  |  i0 * i1  |
    |mandel_calc_mul_mcud_U75  |mandel_calc_mul_mcud  |  i0 * i1  |
    |mandel_calc_mul_mcud_U78  |mandel_calc_mul_mcud  |  i0 * i1  |
    |mandel_calc_mul_mcud_U81  |mandel_calc_mul_mcud  |  i0 * i1  |
    |mandel_calc_mul_mcud_U84  |mandel_calc_mul_mcud  |  i0 * i1  |
    |mandel_calc_mul_mcud_U87  |mandel_calc_mul_mcud  |  i0 * i1  |
    |mandel_calc_mul_mcud_U90  |mandel_calc_mul_mcud  |  i0 * i1  |
    +--------------------------+----------------------+-----------+

    * Memory: 
    N/A

    * FIFO: 
    N/A

    * Expression: 
    +------------------------------+----------+-------+---+----+------------+------------+
    |         Variable Name        | Operation| DSP48E| FF| LUT| Bitwidth P0| Bitwidth P1|
    +------------------------------+----------+-------+---+----+------------+------------+
    |p_Val2_11_10_fu_1164_p2       |     +    |      0|  0|  36|          36|          36|
    |p_Val2_11_11_fu_1221_p2       |     +    |      0|  0|  36|          36|          36|
    |p_Val2_11_12_fu_1278_p2       |     +    |      0|  0|  36|          36|          36|
    |p_Val2_11_13_fu_1335_p2       |     +    |      0|  0|  36|          36|          36|
    |p_Val2_11_14_fu_1392_p2       |     +    |      0|  0|  36|          36|          36|
    |p_Val2_11_15_fu_1449_p2       |     +    |      0|  0|  36|          36|          36|
    |p_Val2_11_16_fu_1506_p2       |     +    |      0|  0|  36|          36|          36|
    |p_Val2_11_17_fu_1563_p2       |     +    |      0|  0|  36|          36|          36|
    |p_Val2_11_18_fu_1620_p2       |     +    |      0|  0|  36|          36|          36|
    |p_Val2_11_19_fu_1677_p2       |     +    |      0|  0|  36|          36|          36|
    |p_Val2_11_1_fu_594_p2         |     +    |      0|  0|  36|          36|          36|
    |p_Val2_11_20_fu_1734_p2       |     +    |      0|  0|  36|          36|          36|
    |p_Val2_11_21_fu_1791_p2       |     +    |      0|  0|  36|          36|          36|
    |p_Val2_11_22_fu_1848_p2       |     +    |      0|  0|  36|          36|          36|
    |p_Val2_11_23_fu_1905_p2       |     +    |      0|  0|  36|          36|          36|
    |p_Val2_11_24_fu_1962_p2       |     +    |      0|  0|  36|          36|          36|
    |p_Val2_11_25_fu_2019_p2       |     +    |      0|  0|  36|          36|          36|
    |p_Val2_11_26_fu_2076_p2       |     +    |      0|  0|  36|          36|          36|
    |p_Val2_11_27_fu_2133_p2       |     +    |      0|  0|  36|          36|          36|
    |p_Val2_11_28_fu_2190_p2       |     +    |      0|  0|  36|          36|          36|
    |p_Val2_11_2_fu_651_p2         |     +    |      0|  0|  36|          36|          36|
    |p_Val2_11_3_fu_708_p2         |     +    |      0|  0|  36|          36|          36|
    |p_Val2_11_4_fu_765_p2         |     +    |      0|  0|  36|          36|          36|
    |p_Val2_11_5_fu_822_p2         |     +    |      0|  0|  36|          36|          36|
    |p_Val2_11_6_fu_879_p2         |     +    |      0|  0|  36|          36|          36|
    |p_Val2_11_7_fu_936_p2         |     +    |      0|  0|  36|          36|          36|
    |p_Val2_11_8_fu_993_p2         |     +    |      0|  0|  36|          36|          36|
    |p_Val2_11_9_fu_1050_p2        |     +    |      0|  0|  36|          36|          36|
    |p_Val2_11_s_fu_1107_p2        |     +    |      0|  0|  36|          36|          36|
    |p_Val2_8_10_fu_1155_p2        |     +    |      0|  0|  43|          36|          36|
    |p_Val2_8_11_fu_1212_p2        |     +    |      0|  0|  43|          36|          36|
    |p_Val2_8_12_fu_1269_p2        |     +    |      0|  0|  43|          36|          36|
    |p_Val2_8_13_fu_1326_p2        |     +    |      0|  0|  43|          36|          36|
    |p_Val2_8_14_fu_1383_p2        |     +    |      0|  0|  43|          36|          36|
    |p_Val2_8_15_fu_1440_p2        |     +    |      0|  0|  43|          36|          36|
    |p_Val2_8_16_fu_1497_p2        |     +    |      0|  0|  43|          36|          36|
    |p_Val2_8_17_fu_1554_p2        |     +    |      0|  0|  43|          36|          36|
    |p_Val2_8_18_fu_1611_p2        |     +    |      0|  0|  43|          36|          36|
    |p_Val2_8_19_fu_1668_p2        |     +    |      0|  0|  43|          36|          36|
    |p_Val2_8_1_fu_585_p2          |     +    |      0|  0|  43|          36|          36|
    |p_Val2_8_20_fu_1725_p2        |     +    |      0|  0|  43|          36|          36|
    |p_Val2_8_21_fu_1782_p2        |     +    |      0|  0|  43|          36|          36|
    |p_Val2_8_22_fu_1839_p2        |     +    |      0|  0|  43|          36|          36|
    |p_Val2_8_23_fu_1896_p2        |     +    |      0|  0|  43|          36|          36|
    |p_Val2_8_24_fu_1953_p2        |     +    |      0|  0|  43|          36|          36|
    |p_Val2_8_25_fu_2010_p2        |     +    |      0|  0|  43|          36|          36|
    |p_Val2_8_26_fu_2067_p2        |     +    |      0|  0|  43|          36|          36|
    |p_Val2_8_27_fu_2124_p2        |     +    |      0|  0|  43|          36|          36|
    |p_Val2_8_28_fu_2181_p2        |     +    |      0|  0|  43|          36|          36|
    |p_Val2_8_2_fu_642_p2          |     +    |      0|  0|  43|          36|          36|
    |p_Val2_8_3_fu_699_p2          |     +    |      0|  0|  43|          36|          36|
    |p_Val2_8_4_fu_756_p2          |     +    |      0|  0|  43|          36|          36|
    |p_Val2_8_5_fu_813_p2          |     +    |      0|  0|  43|          36|          36|
    |p_Val2_8_6_fu_870_p2          |     +    |      0|  0|  43|          36|          36|
    |p_Val2_8_7_fu_927_p2          |     +    |      0|  0|  43|          36|          36|
    |p_Val2_8_8_fu_984_p2          |     +    |      0|  0|  43|          36|          36|
    |p_Val2_8_9_fu_1041_p2         |     +    |      0|  0|  43|          36|          36|
    |p_Val2_8_fu_510_p2            |     +    |      0|  0|  43|          36|          36|
    |p_Val2_8_s_fu_1098_p2         |     +    |      0|  0|  43|          36|          36|
    |p_Val2_s_fu_525_p2            |     +    |      0|  0|  36|          36|          36|
    |r_V_1_10_fu_2381_p2           |     +    |      0|  0|  44|          37|          37|
    |r_V_1_11_fu_2399_p2           |     +    |      0|  0|  44|          37|          37|
    |r_V_1_12_fu_2417_p2           |     +    |      0|  0|  44|          37|          37|
    |r_V_1_13_fu_2435_p2           |     +    |      0|  0|  44|          37|          37|
    |r_V_1_14_fu_2453_p2           |     +    |      0|  0|  44|          37|          37|
    |r_V_1_15_fu_2471_p2           |     +    |      0|  0|  44|          37|          37|
    |r_V_1_16_fu_2489_p2           |     +    |      0|  0|  44|          37|          37|
    |r_V_1_17_fu_2507_p2           |     +    |      0|  0|  44|          37|          37|
    |r_V_1_18_fu_2525_p2           |     +    |      0|  0|  44|          37|          37|
    |r_V_1_19_fu_2543_p2           |     +    |      0|  0|  44|          37|          37|
    |r_V_1_1_fu_2201_p2            |     +    |      0|  0|  44|          37|          37|
    |r_V_1_20_fu_2561_p2           |     +    |      0|  0|  44|          37|          37|
    |r_V_1_21_fu_2579_p2           |     +    |      0|  0|  44|          37|          37|
    |r_V_1_22_fu_2597_p2           |     +    |      0|  0|  44|          37|          37|
    |r_V_1_23_fu_2615_p2           |     +    |      0|  0|  44|          37|          37|
    |r_V_1_24_fu_2633_p2           |     +    |      0|  0|  44|          37|          37|
    |r_V_1_25_fu_2651_p2           |     +    |      0|  0|  44|          37|          37|
    |r_V_1_26_fu_2669_p2           |     +    |      0|  0|  44|          37|          37|
    |r_V_1_27_fu_2687_p2           |     +    |      0|  0|  44|          37|          37|
    |r_V_1_28_fu_2705_p2           |     +    |      0|  0|  44|          37|          37|
    |r_V_1_2_fu_2219_p2            |     +    |      0|  0|  44|          37|          37|
    |r_V_1_3_fu_2237_p2            |     +    |      0|  0|  44|          37|          37|
    |r_V_1_4_fu_2255_p2            |     +    |      0|  0|  44|          37|          37|
    |r_V_1_5_fu_2273_p2            |     +    |      0|  0|  44|          37|          37|
    |r_V_1_6_fu_2291_p2            |     +    |      0|  0|  44|          37|          37|
    |r_V_1_7_fu_2309_p2            |     +    |      0|  0|  44|          37|          37|
    |r_V_1_8_fu_2327_p2            |     +    |      0|  0|  44|          37|          37|
    |r_V_1_9_fu_2345_p2            |     +    |      0|  0|  44|          37|          37|
    |r_V_1_fu_530_p2               |     +    |      0|  0|  44|          37|          37|
    |r_V_1_s_fu_2363_p2            |     +    |      0|  0|  44|          37|          37|
    |tmp_12_fu_2720_p2             |     +    |      0|  0|  15|           8|           8|
    |tmp_18_10_fu_2819_p2          |     +    |      0|  0|  15|           8|           8|
    |tmp_18_11_fu_2828_p2          |     +    |      0|  0|  15|           8|           8|
    |tmp_18_12_fu_2837_p2          |     +    |      0|  0|  15|           8|           8|
    |tmp_18_13_fu_2846_p2          |     +    |      0|  0|  15|           8|           8|
    |tmp_18_14_fu_2855_p2          |     +    |      0|  0|  15|           8|           8|
    |tmp_18_15_fu_2864_p2          |     +    |      0|  0|  15|           8|           8|
    |tmp_18_16_fu_2873_p2          |     +    |      0|  0|  15|           8|           8|
    |tmp_18_17_fu_2882_p2          |     +    |      0|  0|  15|           8|           8|
    |tmp_18_18_fu_2891_p2          |     +    |      0|  0|  15|           8|           8|
    |tmp_18_19_fu_2900_p2          |     +    |      0|  0|  15|           8|           8|
    |tmp_18_1_fu_2729_p2           |     +    |      0|  0|  15|           8|           8|
    |tmp_18_20_fu_2909_p2          |     +    |      0|  0|  15|           8|           8|
    |tmp_18_21_fu_2918_p2          |     +    |      0|  0|  15|           8|           8|
    |tmp_18_22_fu_2927_p2          |     +    |      0|  0|  15|           8|           8|
    |tmp_18_23_fu_2936_p2          |     +    |      0|  0|  15|           8|           8|
    |tmp_18_24_fu_2945_p2          |     +    |      0|  0|  15|           8|           8|
    |tmp_18_25_fu_2954_p2          |     +    |      0|  0|  15|           8|           8|
    |tmp_18_26_fu_2963_p2          |     +    |      0|  0|  15|           8|           8|
    |tmp_18_27_fu_2972_p2          |     +    |      0|  0|  15|           8|           8|
    |tmp_18_28_fu_2980_p2          |     +    |      0|  0|  15|           8|           8|
    |tmp_18_2_fu_2738_p2           |     +    |      0|  0|  15|           8|           8|
    |tmp_18_3_fu_2747_p2           |     +    |      0|  0|  15|           8|           8|
    |tmp_18_4_fu_2756_p2           |     +    |      0|  0|  15|           8|           8|
    |tmp_18_5_fu_2765_p2           |     +    |      0|  0|  15|           8|           8|
    |tmp_18_6_fu_2774_p2           |     +    |      0|  0|  15|           8|           8|
    |tmp_18_7_fu_2783_p2           |     +    |      0|  0|  15|           8|           8|
    |tmp_18_8_fu_2792_p2           |     +    |      0|  0|  15|           8|           8|
    |tmp_18_9_fu_2801_p2           |     +    |      0|  0|  15|           8|           8|
    |tmp_18_s_fu_2810_p2           |     +    |      0|  0|  15|           8|           8|
    |tmp_19_1_fu_497_p2            |     +    |      0|  0|  15|           8|           5|
    |p_Val2_9_10_fu_1160_p2        |     -    |      0|  0|  36|          36|          36|
    |p_Val2_9_11_fu_1217_p2        |     -    |      0|  0|  36|          36|          36|
    |p_Val2_9_12_fu_1274_p2        |     -    |      0|  0|  36|          36|          36|
    |p_Val2_9_13_fu_1331_p2        |     -    |      0|  0|  36|          36|          36|
    |p_Val2_9_14_fu_1388_p2        |     -    |      0|  0|  36|          36|          36|
    |p_Val2_9_15_fu_1445_p2        |     -    |      0|  0|  36|          36|          36|
    |p_Val2_9_16_fu_1502_p2        |     -    |      0|  0|  36|          36|          36|
    |p_Val2_9_17_fu_1559_p2        |     -    |      0|  0|  36|          36|          36|
    |p_Val2_9_18_fu_1616_p2        |     -    |      0|  0|  36|          36|          36|
    |p_Val2_9_19_fu_1673_p2        |     -    |      0|  0|  36|          36|          36|
    |p_Val2_9_1_fu_590_p2          |     -    |      0|  0|  36|          36|          36|
    |p_Val2_9_20_fu_1730_p2        |     -    |      0|  0|  36|          36|          36|
    |p_Val2_9_21_fu_1787_p2        |     -    |      0|  0|  36|          36|          36|
    |p_Val2_9_22_fu_1844_p2        |     -    |      0|  0|  36|          36|          36|
    |p_Val2_9_23_fu_1901_p2        |     -    |      0|  0|  36|          36|          36|
    |p_Val2_9_24_fu_1958_p2        |     -    |      0|  0|  36|          36|          36|
    |p_Val2_9_25_fu_2015_p2        |     -    |      0|  0|  36|          36|          36|
    |p_Val2_9_26_fu_2072_p2        |     -    |      0|  0|  36|          36|          36|
    |p_Val2_9_27_fu_2129_p2        |     -    |      0|  0|  36|          36|          36|
    |p_Val2_9_28_fu_2186_p2        |     -    |      0|  0|  36|          36|          36|
    |p_Val2_9_2_fu_647_p2          |     -    |      0|  0|  36|          36|          36|
    |p_Val2_9_3_fu_704_p2          |     -    |      0|  0|  36|          36|          36|
    |p_Val2_9_4_fu_761_p2          |     -    |      0|  0|  36|          36|          36|
    |p_Val2_9_5_fu_818_p2          |     -    |      0|  0|  36|          36|          36|
    |p_Val2_9_6_fu_875_p2          |     -    |      0|  0|  36|          36|          36|
    |p_Val2_9_7_fu_932_p2          |     -    |      0|  0|  36|          36|          36|
    |p_Val2_9_8_fu_989_p2          |     -    |      0|  0|  36|          36|          36|
    |p_Val2_9_9_fu_1046_p2         |     -    |      0|  0|  36|          36|          36|
    |p_Val2_9_fu_521_p2            |     -    |      0|  0|  36|          36|          36|
    |p_Val2_9_s_fu_1103_p2         |     -    |      0|  0|  36|          36|          36|
    |ap_condition_3819             |    and   |      0|  0|   8|           1|           1|
    |ap_condition_3823             |    and   |      0|  0|   8|           1|           1|
    |ap_condition_3829             |    and   |      0|  0|   8|           1|           1|
    |ap_condition_3833             |    and   |      0|  0|   8|           1|           1|
    |ap_condition_3837             |    and   |      0|  0|   8|           1|           1|
    |ap_condition_3841             |    and   |      0|  0|   8|           1|           1|
    |ap_condition_3845             |    and   |      0|  0|   8|           1|           1|
    |ap_condition_3849             |    and   |      0|  0|   8|           1|           1|
    |ap_condition_3853             |    and   |      0|  0|   8|           1|           1|
    |ap_condition_3857             |    and   |      0|  0|   8|           1|           1|
    |ap_condition_3861             |    and   |      0|  0|   8|           1|           1|
    |ap_condition_3865             |    and   |      0|  0|   8|           1|           1|
    |ap_condition_3869             |    and   |      0|  0|   8|           1|           1|
    |ap_condition_3873             |    and   |      0|  0|   8|           1|           1|
    |ap_condition_3877             |    and   |      0|  0|   8|           1|           1|
    |ap_condition_3881             |    and   |      0|  0|   8|           1|           1|
    |ap_condition_3885             |    and   |      0|  0|   8|           1|           1|
    |ap_condition_3889             |    and   |      0|  0|   8|           1|           1|
    |ap_condition_3893             |    and   |      0|  0|   8|           1|           1|
    |ap_condition_3897             |    and   |      0|  0|   8|           1|           1|
    |ap_condition_3901             |    and   |      0|  0|   8|           1|           1|
    |ap_condition_3905             |    and   |      0|  0|   8|           1|           1|
    |ap_condition_3909             |    and   |      0|  0|   8|           1|           1|
    |ap_condition_3913             |    and   |      0|  0|   8|           1|           1|
    |ap_condition_3917             |    and   |      0|  0|   8|           1|           1|
    |ap_condition_3921             |    and   |      0|  0|   8|           1|           1|
    |ap_condition_3925             |    and   |      0|  0|   8|           1|           1|
    |ap_condition_3929             |    and   |      0|  0|   8|           1|           1|
    |ap_condition_3933             |    and   |      0|  0|   8|           1|           1|
    |count_out_V_1_ack_in          |    and   |      0|  0|   8|           1|           1|
    |exitcond_10_fu_383_p2         |   icmp   |      0|  0|  11|           8|           6|
    |exitcond_11_fu_389_p2         |   icmp   |      0|  0|  11|           8|           6|
    |exitcond_12_fu_395_p2         |   icmp   |      0|  0|  11|           8|           6|
    |exitcond_13_fu_401_p2         |   icmp   |      0|  0|  11|           8|           6|
    |exitcond_14_fu_407_p2         |   icmp   |      0|  0|  11|           8|           7|
    |exitcond_15_fu_413_p2         |   icmp   |      0|  0|  11|           8|           7|
    |exitcond_16_fu_419_p2         |   icmp   |      0|  0|  11|           8|           7|
    |exitcond_17_fu_425_p2         |   icmp   |      0|  0|  11|           8|           7|
    |exitcond_18_fu_431_p2         |   icmp   |      0|  0|  11|           8|           7|
    |exitcond_19_fu_437_p2         |   icmp   |      0|  0|  11|           8|           7|
    |exitcond_1_fu_323_p2          |   icmp   |      0|  0|  11|           8|           6|
    |exitcond_20_fu_443_p2         |   icmp   |      0|  0|  11|           8|           7|
    |exitcond_21_fu_449_p2         |   icmp   |      0|  0|  11|           8|           7|
    |exitcond_22_fu_455_p2         |   icmp   |      0|  0|  11|           8|           7|
    |exitcond_23_fu_461_p2         |   icmp   |      0|  0|  11|           8|           7|
    |exitcond_24_fu_467_p2         |   icmp   |      0|  0|  11|           8|           7|
    |exitcond_25_fu_473_p2         |   icmp   |      0|  0|  11|           8|           7|
    |exitcond_26_fu_479_p2         |   icmp   |      0|  0|  11|           8|           7|
    |exitcond_27_fu_485_p2         |   icmp   |      0|  0|  11|           8|           7|
    |exitcond_28_fu_491_p2         |   icmp   |      0|  0|  11|           8|           7|
    |exitcond_2_fu_329_p2          |   icmp   |      0|  0|  11|           8|           6|
    |exitcond_3_fu_335_p2          |   icmp   |      0|  0|  11|           8|           6|
    |exitcond_4_fu_341_p2          |   icmp   |      0|  0|  11|           8|           6|
    |exitcond_5_fu_347_p2          |   icmp   |      0|  0|  11|           8|           6|
    |exitcond_6_fu_353_p2          |   icmp   |      0|  0|  11|           8|           6|
    |exitcond_7_fu_359_p2          |   icmp   |      0|  0|  11|           8|           6|
    |exitcond_8_fu_365_p2          |   icmp   |      0|  0|  11|           8|           6|
    |exitcond_9_fu_371_p2          |   icmp   |      0|  0|  11|           8|           6|
    |exitcond_fu_275_p2            |   icmp   |      0|  0|  11|           8|           6|
    |exitcond_s_fu_377_p2          |   icmp   |      0|  0|  11|           8|           6|
    |val_assign_10_fu_2387_p2      |   icmp   |      0|  0|  21|          37|          35|
    |val_assign_11_fu_2405_p2      |   icmp   |      0|  0|  21|          37|          35|
    |val_assign_12_fu_2423_p2      |   icmp   |      0|  0|  21|          37|          35|
    |val_assign_13_fu_2441_p2      |   icmp   |      0|  0|  21|          37|          35|
    |val_assign_14_fu_2459_p2      |   icmp   |      0|  0|  21|          37|          35|
    |val_assign_15_fu_2477_p2      |   icmp   |      0|  0|  21|          37|          35|
    |val_assign_16_fu_2495_p2      |   icmp   |      0|  0|  21|          37|          35|
    |val_assign_17_fu_2513_p2      |   icmp   |      0|  0|  21|          37|          35|
    |val_assign_18_fu_2531_p2      |   icmp   |      0|  0|  21|          37|          35|
    |val_assign_19_fu_2549_p2      |   icmp   |      0|  0|  21|          37|          35|
    |val_assign_1_fu_2207_p2       |   icmp   |      0|  0|  21|          37|          35|
    |val_assign_20_fu_2567_p2      |   icmp   |      0|  0|  21|          37|          35|
    |val_assign_21_fu_2585_p2      |   icmp   |      0|  0|  21|          37|          35|
    |val_assign_22_fu_2603_p2      |   icmp   |      0|  0|  21|          37|          35|
    |val_assign_23_fu_2621_p2      |   icmp   |      0|  0|  21|          37|          35|
    |val_assign_24_fu_2639_p2      |   icmp   |      0|  0|  21|          37|          35|
    |val_assign_25_fu_2657_p2      |   icmp   |      0|  0|  21|          37|          35|
    |val_assign_26_fu_2675_p2      |   icmp   |      0|  0|  21|          37|          35|
    |val_assign_27_fu_2693_p2      |   icmp   |      0|  0|  21|          37|          35|
    |val_assign_28_fu_2711_p2      |   icmp   |      0|  0|  21|          37|          35|
    |val_assign_2_fu_2225_p2       |   icmp   |      0|  0|  21|          37|          35|
    |val_assign_3_fu_2243_p2       |   icmp   |      0|  0|  21|          37|          35|
    |val_assign_4_fu_2261_p2       |   icmp   |      0|  0|  21|          37|          35|
    |val_assign_5_fu_2279_p2       |   icmp   |      0|  0|  21|          37|          35|
    |val_assign_6_fu_2297_p2       |   icmp   |      0|  0|  21|          37|          35|
    |val_assign_7_fu_2315_p2       |   icmp   |      0|  0|  21|          37|          35|
    |val_assign_8_fu_2333_p2       |   icmp   |      0|  0|  21|          37|          35|
    |val_assign_9_fu_2351_p2       |   icmp   |      0|  0|  21|          37|          35|
    |val_assign_fu_536_p2          |   icmp   |      0|  0|  21|          37|          35|
    |val_assign_s_fu_2369_p2       |   icmp   |      0|  0|  21|          37|          35|
    |ap_predicate_tran6to7_state2  |    or    |      0|  0|   8|           1|           1|
    |tmp_19_s_fu_317_p2            |    or    |      0|  0|  15|           8|           1|
    |ap_enable_pp0                 |    xor   |      0|  0|   8|           1|           2|
    +------------------------------+----------+-------+---+----+------------+------------+
    |Total                         |          |      0|  0|6466|        5988|        5874|
    +------------------------------+----------+-------+---+----+------------+------------+

    * Multiplexer: 
    +----------------------------------+-----+-----------+-----+-----------+
    |               Name               | LUT | Input Size| Bits| Total Bits|
    +----------------------------------+-----+-----------+-----+-----------+
    |ap_NS_fsm                         |   27|          5|    1|          5|
    |ap_enable_reg_pp0_iter4           |    9|          2|    1|          2|
    |ap_phi_mux_count_V_phi_fu_174_p4  |    9|          2|    8|         16|
    |ap_phi_mux_z_im_V_phi_fu_144_p4   |    9|          2|   35|         70|
    |ap_phi_mux_z_re_V_phi_fu_153_p4   |    9|          2|   36|         72|
    |count_V_reg_170                   |    9|          2|    8|         16|
    |count_out_V_TDATA_blk_n           |    9|          2|    1|          2|
    |t_V_reg_159                       |    9|          2|    8|         16|
    |tmp_4_lcssa_reg_182               |  137|         30|    8|        240|
    |z_im_V_reg_141                    |    9|          2|   35|         70|
    |z_re_V_reg_150                    |    9|          2|   36|         72|
    +----------------------------------+-----+-----------+-----+-----------+
    |Total                             |  245|         53|  177|        581|
    +----------------------------------+-----+-----------+-----+-----------+

    * Register: 
    +-----------------------------------------+----+----+-----+-----------+
    |                   Name                  | FF | LUT| Bits| Const Bits|
    +-----------------------------------------+----+----+-----+-----------+
    |ap_CS_fsm                                |   4|   0|    4|          0|
    |ap_enable_reg_pp0_iter0                  |   1|   0|    1|          0|
    |ap_enable_reg_pp0_iter1                  |   1|   0|    1|          0|
    |ap_enable_reg_pp0_iter2                  |   1|   0|    1|          0|
    |ap_enable_reg_pp0_iter3                  |   1|   0|    1|          0|
    |ap_enable_reg_pp0_iter4                  |   1|   0|    1|          0|
    |ap_reg_pp0_iter2_val_assign_reg_3825     |   1|   0|    1|          0|
    |ap_reg_pp0_iter3_val_assign_27_reg_4265  |   1|   0|    1|          0|
    |ap_reg_pp0_iter3_val_assign_28_reg_4270  |   1|   0|    1|          0|
    |count_V_reg_170                          |   8|   0|    8|          0|
    |count_out_V_1_areset_d                   |   1|   0|    1|          0|
    |count_out_V_1_data_reg                   |   8|   0|    8|          0|
    |count_out_V_1_mVld                       |   1|   0|    1|          0|
    |exitcond_10_reg_3744                     |   1|   0|    1|          0|
    |exitcond_11_reg_3748                     |   1|   0|    1|          0|
    |exitcond_12_reg_3752                     |   1|   0|    1|          0|
    |exitcond_13_reg_3756                     |   1|   0|    1|          0|
    |exitcond_14_reg_3760                     |   1|   0|    1|          0|
    |exitcond_15_reg_3764                     |   1|   0|    1|          0|
    |exitcond_16_reg_3768                     |   1|   0|    1|          0|
    |exitcond_17_reg_3772                     |   1|   0|    1|          0|
    |exitcond_18_reg_3776                     |   1|   0|    1|          0|
    |exitcond_19_reg_3780                     |   1|   0|    1|          0|
    |exitcond_1_reg_3704                      |   1|   0|    1|          0|
    |exitcond_20_reg_3784                     |   1|   0|    1|          0|
    |exitcond_21_reg_3788                     |   1|   0|    1|          0|
    |exitcond_22_reg_3792                     |   1|   0|    1|          0|
    |exitcond_23_reg_3796                     |   1|   0|    1|          0|
    |exitcond_24_reg_3800                     |   1|   0|    1|          0|
    |exitcond_25_reg_3804                     |   1|   0|    1|          0|
    |exitcond_26_reg_3808                     |   1|   0|    1|          0|
    |exitcond_27_reg_3812                     |   1|   0|    1|          0|
    |exitcond_28_reg_3816                     |   1|   0|    1|          0|
    |exitcond_2_reg_3708                      |   1|   0|    1|          0|
    |exitcond_3_reg_3712                      |   1|   0|    1|          0|
    |exitcond_4_reg_3716                      |   1|   0|    1|          0|
    |exitcond_5_reg_3720                      |   1|   0|    1|          0|
    |exitcond_6_reg_3724                      |   1|   0|    1|          0|
    |exitcond_7_reg_3728                      |   1|   0|    1|          0|
    |exitcond_8_reg_3732                      |   1|   0|    1|          0|
    |exitcond_9_reg_3736                      |   1|   0|    1|          0|
    |exitcond_reg_3683                        |   1|   0|    1|          0|
    |exitcond_s_reg_3740                      |   1|   0|    1|          0|
    |p_Val2_3_10_reg_3930                     |  36|   0|   36|          0|
    |p_Val2_3_11_reg_3940                     |  36|   0|   36|          0|
    |p_Val2_3_12_reg_3950                     |  36|   0|   36|          0|
    |p_Val2_3_13_reg_3960                     |  36|   0|   36|          0|
    |p_Val2_3_14_reg_3970                     |  36|   0|   36|          0|
    |p_Val2_3_15_reg_3980                     |  36|   0|   36|          0|
    |p_Val2_3_16_reg_3990                     |  36|   0|   36|          0|
    |p_Val2_3_17_reg_4000                     |  36|   0|   36|          0|
    |p_Val2_3_18_reg_4010                     |  36|   0|   36|          0|
    |p_Val2_3_19_reg_4020                     |  36|   0|   36|          0|
    |p_Val2_3_1_reg_3830                      |  36|   0|   36|          0|
    |p_Val2_3_20_reg_4030                     |  36|   0|   36|          0|
    |p_Val2_3_21_reg_4040                     |  36|   0|   36|          0|
    |p_Val2_3_22_reg_4050                     |  36|   0|   36|          0|
    |p_Val2_3_23_reg_4060                     |  36|   0|   36|          0|
    |p_Val2_3_24_reg_4070                     |  36|   0|   36|          0|
    |p_Val2_3_25_reg_4080                     |  36|   0|   36|          0|
    |p_Val2_3_26_reg_4090                     |  36|   0|   36|          0|
    |p_Val2_3_27_reg_4100                     |  36|   0|   36|          0|
    |p_Val2_3_28_reg_4110                     |  36|   0|   36|          0|
    |p_Val2_3_2_reg_3840                      |  36|   0|   36|          0|
    |p_Val2_3_3_reg_3850                      |  36|   0|   36|          0|
    |p_Val2_3_4_reg_3860                      |  36|   0|   36|          0|
    |p_Val2_3_5_reg_3870                      |  36|   0|   36|          0|
    |p_Val2_3_6_reg_3880                      |  36|   0|   36|          0|
    |p_Val2_3_7_reg_3890                      |  36|   0|   36|          0|
    |p_Val2_3_8_reg_3900                      |  36|   0|   36|          0|
    |p_Val2_3_9_reg_3910                      |  36|   0|   36|          0|
    |p_Val2_3_reg_3687                        |  36|   0|   36|          0|
    |p_Val2_3_s_reg_3920                      |  36|   0|   36|          0|
    |p_Val2_5_10_reg_3935                     |  36|   0|   36|          0|
    |p_Val2_5_11_reg_3945                     |  36|   0|   36|          0|
    |p_Val2_5_12_reg_3955                     |  36|   0|   36|          0|
    |p_Val2_5_13_reg_3965                     |  36|   0|   36|          0|
    |p_Val2_5_14_reg_3975                     |  36|   0|   36|          0|
    |p_Val2_5_15_reg_3985                     |  36|   0|   36|          0|
    |p_Val2_5_16_reg_3995                     |  36|   0|   36|          0|
    |p_Val2_5_17_reg_4005                     |  36|   0|   36|          0|
    |p_Val2_5_18_reg_4015                     |  36|   0|   36|          0|
    |p_Val2_5_19_reg_4025                     |  36|   0|   36|          0|
    |p_Val2_5_1_reg_3835                      |  36|   0|   36|          0|
    |p_Val2_5_20_reg_4035                     |  36|   0|   36|          0|
    |p_Val2_5_21_reg_4045                     |  36|   0|   36|          0|
    |p_Val2_5_22_reg_4055                     |  36|   0|   36|          0|
    |p_Val2_5_23_reg_4065                     |  36|   0|   36|          0|
    |p_Val2_5_24_reg_4075                     |  36|   0|   36|          0|
    |p_Val2_5_25_reg_4085                     |  36|   0|   36|          0|
    |p_Val2_5_26_reg_4095                     |  36|   0|   36|          0|
    |p_Val2_5_27_reg_4105                     |  36|   0|   36|          0|
    |p_Val2_5_28_reg_4115                     |  36|   0|   36|          0|
    |p_Val2_5_2_reg_3845                      |  36|   0|   36|          0|
    |p_Val2_5_3_reg_3855                      |  36|   0|   36|          0|
    |p_Val2_5_4_reg_3865                      |  36|   0|   36|          0|
    |p_Val2_5_5_reg_3875                      |  36|   0|   36|          0|
    |p_Val2_5_6_reg_3885                      |  36|   0|   36|          0|
    |p_Val2_5_7_reg_3895                      |  36|   0|   36|          0|
    |p_Val2_5_8_reg_3905                      |  36|   0|   36|          0|
    |p_Val2_5_9_reg_3915                      |  36|   0|   36|          0|
    |p_Val2_5_reg_3693                        |  36|   0|   36|          0|
    |p_Val2_5_s_reg_3925                      |  36|   0|   36|          0|
    |r_V5_reg_3699                            |  35|   0|   35|          0|
    |t_V_reg_159                              |   8|   0|    8|          0|
    |tmp_18_10_reg_4330                       |   8|   0|    8|          0|
    |tmp_18_11_reg_4335                       |   8|   0|    8|          0|
    |tmp_18_12_reg_4340                       |   8|   0|    8|          0|
    |tmp_18_13_reg_4345                       |   8|   0|    8|          0|
    |tmp_18_14_reg_4350                       |   8|   0|    8|          0|
    |tmp_18_15_reg_4355                       |   8|   0|    8|          0|
    |tmp_18_16_reg_4360                       |   8|   0|    8|          0|
    |tmp_18_17_reg_4365                       |   8|   0|    8|          0|
    |tmp_18_18_reg_4370                       |   8|   0|    8|          0|
    |tmp_18_19_reg_4375                       |   8|   0|    8|          0|
    |tmp_18_20_reg_4380                       |   8|   0|    8|          0|
    |tmp_18_21_reg_4385                       |   8|   0|    8|          0|
    |tmp_18_22_reg_4390                       |   8|   0|    8|          0|
    |tmp_18_23_reg_4395                       |   8|   0|    8|          0|
    |tmp_18_24_reg_4400                       |   8|   0|    8|          0|
    |tmp_18_25_reg_4405                       |   8|   0|    8|          0|
    |tmp_18_26_reg_4410                       |   8|   0|    8|          0|
    |tmp_18_2_reg_4285                        |   8|   0|    8|          0|
    |tmp_18_3_reg_4290                        |   8|   0|    8|          0|
    |tmp_18_4_reg_4295                        |   8|   0|    8|          0|
    |tmp_18_5_reg_4300                        |   8|   0|    8|          0|
    |tmp_18_6_reg_4305                        |   8|   0|    8|          0|
    |tmp_18_7_reg_4310                        |   8|   0|    8|          0|
    |tmp_18_8_reg_4315                        |   8|   0|    8|          0|
    |tmp_18_9_reg_4320                        |   8|   0|    8|          0|
    |tmp_18_s_reg_4325                        |   8|   0|    8|          0|
    |tmp_4_lcssa_reg_182                      |   8|   0|    8|          0|
    |val_assign_10_reg_4180                   |   1|   0|    1|          0|
    |val_assign_11_reg_4185                   |   1|   0|    1|          0|
    |val_assign_12_reg_4190                   |   1|   0|    1|          0|
    |val_assign_13_reg_4195                   |   1|   0|    1|          0|
    |val_assign_14_reg_4200                   |   1|   0|    1|          0|
    |val_assign_15_reg_4205                   |   1|   0|    1|          0|
    |val_assign_16_reg_4210                   |   1|   0|    1|          0|
    |val_assign_17_reg_4215                   |   1|   0|    1|          0|
    |val_assign_18_reg_4220                   |   1|   0|    1|          0|
    |val_assign_19_reg_4225                   |   1|   0|    1|          0|
    |val_assign_1_reg_4130                    |   1|   0|    1|          0|
    |val_assign_20_reg_4230                   |   1|   0|    1|          0|
    |val_assign_21_reg_4235                   |   1|   0|    1|          0|
    |val_assign_22_reg_4240                   |   1|   0|    1|          0|
    |val_assign_23_reg_4245                   |   1|   0|    1|          0|
    |val_assign_24_reg_4250                   |   1|   0|    1|          0|
    |val_assign_25_reg_4255                   |   1|   0|    1|          0|
    |val_assign_26_reg_4260                   |   1|   0|    1|          0|
    |val_assign_27_reg_4265                   |   1|   0|    1|          0|
    |val_assign_28_reg_4270                   |   1|   0|    1|          0|
    |val_assign_2_reg_4135                    |   1|   0|    1|          0|
    |val_assign_3_reg_4140                    |   1|   0|    1|          0|
    |val_assign_4_reg_4145                    |   1|   0|    1|          0|
    |val_assign_5_reg_4150                    |   1|   0|    1|          0|
    |val_assign_6_reg_4155                    |   1|   0|    1|          0|
    |val_assign_7_reg_4160                    |   1|   0|    1|          0|
    |val_assign_8_reg_4165                    |   1|   0|    1|          0|
    |val_assign_9_reg_4170                    |   1|   0|    1|          0|
    |val_assign_reg_3825                      |   1|   0|    1|          0|
    |val_assign_s_reg_4175                    |   1|   0|    1|          0|
    |z0_im_V_cast_reg_3648                    |  20|   0|   36|         16|
    |z0_re_V_cast_reg_3613                    |  20|   0|   36|         16|
    |z_im_V_reg_141                           |  35|   0|   36|          1|
    |z_re_V_reg_150                           |  36|   0|   36|          0|
    |exitcond_10_reg_3744                     |  64|  32|    1|          0|
    |exitcond_11_reg_3748                     |  64|  32|    1|          0|
    |exitcond_12_reg_3752                     |  64|  32|    1|          0|
    |exitcond_13_reg_3756                     |  64|  32|    1|          0|
    |exitcond_14_reg_3760                     |  64|  32|    1|          0|
    |exitcond_15_reg_3764                     |  64|  32|    1|          0|
    |exitcond_16_reg_3768                     |  64|  32|    1|          0|
    |exitcond_17_reg_3772                     |  64|  32|    1|          0|
    |exitcond_18_reg_3776                     |  64|  32|    1|          0|
    |exitcond_19_reg_3780                     |  64|  32|    1|          0|
    |exitcond_1_reg_3704                      |  64|  32|    1|          0|
    |exitcond_20_reg_3784                     |  64|  32|    1|          0|
    |exitcond_21_reg_3788                     |  64|  32|    1|          0|
    |exitcond_22_reg_3792                     |  64|  32|    1|          0|
    |exitcond_23_reg_3796                     |  64|  32|    1|          0|
    |exitcond_24_reg_3800                     |  64|  32|    1|          0|
    |exitcond_25_reg_3804                     |  64|  32|    1|          0|
    |exitcond_26_reg_3808                     |  64|  32|    1|          0|
    |exitcond_27_reg_3812                     |  64|  32|    1|          0|
    |exitcond_28_reg_3816                     |  64|  32|    1|          0|
    |exitcond_2_reg_3708                      |  64|  32|    1|          0|
    |exitcond_3_reg_3712                      |  64|  32|    1|          0|
    |exitcond_4_reg_3716                      |  64|  32|    1|          0|
    |exitcond_5_reg_3720                      |  64|  32|    1|          0|
    |exitcond_6_reg_3724                      |  64|  32|    1|          0|
    |exitcond_7_reg_3728                      |  64|  32|    1|          0|
    |exitcond_8_reg_3732                      |  64|  32|    1|          0|
    |exitcond_9_reg_3736                      |  64|  32|    1|          0|
    |exitcond_reg_3683                        |  64|  32|    1|          0|
    |exitcond_s_reg_3740                      |  64|  32|    1|          0|
    +-----------------------------------------+----+----+-----+-----------+
    |Total                                    |4540| 960| 2683|         33|
    +-----------------------------------------+----+----+-----+-----------+



================================================================
== Interface
================================================================
* Summary: 
+--------------------+-----+-----+------------+--------------+--------------+
|      RTL Ports     | Dir | Bits|  Protocol  | Source Object|    C Type    |
+--------------------+-----+-----+------------+--------------+--------------+
|ap_clk              |  in |    1| ap_ctrl_hs |  mandel_calc | return value |
|ap_rst_n            |  in |    1| ap_ctrl_hs |  mandel_calc | return value |
|ap_start            |  in |    1| ap_ctrl_hs |  mandel_calc | return value |
|ap_done             | out |    1| ap_ctrl_hs |  mandel_calc | return value |
|ap_idle             | out |    1| ap_ctrl_hs |  mandel_calc | return value |
|ap_ready            | out |    1| ap_ctrl_hs |  mandel_calc | return value |
|re_V                |  in |   18|   ap_none  |     re_V     |    scalar    |
|im_V                |  in |   18|   ap_none  |     im_V     |    scalar    |
|count_out_V_TDATA   | out |    8|    axis    |  count_out_V |    pointer   |
|count_out_V_TVALID  | out |    1|    axis    |  count_out_V |    pointer   |
|count_out_V_TREADY  |  in |    1|    axis    |  count_out_V |    pointer   |
+--------------------+-----+-----+------------+--------------+--------------+

