#-----------------------------------------------------------
# Webtalk v2017.2 (64-bit)
# SW Build 1909853 on Thu Jun 15 18:39:10 MDT 2017
# IP Build 1909766 on Thu Jun 15 19:58:00 MDT 2017
# Start of session at: Sun Feb  4 17:44:53 2018
# Process ID: 28023
# Current directory: /home/trevor/mylab/experiments/20180204-tmc-video_ip/vivado.2/synth_test3/synth_test3.sim/sim_1/behav
# Command line: wbtcv -mode batch -source /home/trevor/mylab/experiments/20180204-tmc-video_ip/vivado.2/synth_test3/synth_test3.sim/sim_1/behav/xsim.dir/top_behav/webtalk/xsim_webtalk.tcl -notrace
# Log file: /home/trevor/mylab/experiments/20180204-tmc-video_ip/vivado.2/synth_test3/synth_test3.sim/sim_1/behav/webtalk.log
# Journal file: /home/trevor/mylab/experiments/20180204-tmc-video_ip/vivado.2/synth_test3/synth_test3.sim/sim_1/behav/webtalk.jou
#-----------------------------------------------------------
source /home/trevor/mylab/experiments/20180204-tmc-video_ip/vivado.2/synth_test3/synth_test3.sim/sim_1/behav/xsim.dir/top_behav/webtalk/xsim_webtalk.tcl -notrace
