

================================================================
== Vivado HLS Report for 'mandel_calc'
================================================================
* Date:           Sun Mar  4 14:35:28 2018

* Version:        2017.4 (Build 2086221 on Fri Dec 15 21:13:33 MST 2017)
* Project:        hls_train
* Solution:       solution1
* Product family: artix7
* Target device:  xc7a35tcpg236-1


================================================================
== Performance Estimates
================================================================
+ Timing (ns): 
    * Summary: 
    +--------+-------+----------+------------+
    |  Clock | Target| Estimated| Uncertainty|
    +--------+-------+----------+------------+
    |ap_clk  |  10.00|      7.87|        1.25|
    +--------+-------+----------+------------+

+ Latency (clock cycles): 
    * Summary: 
    +-----+-----+-----+-----+---------+
    |  Latency  |  Interval | Pipeline|
    | min | max | min | max |   Type  |
    +-----+-----+-----+-----+---------+
    |  766|  766|  766|  766|   none  |
    +-----+-----+-----+-----+---------+

    + Detail: 
        * Instance: 
        N/A

        * Loop: 
        +----------+-----+-----+----------+-----------+-----------+------+----------+
        |          |  Latency  | Iteration|  Initiation Interval  | Trip |          |
        | Loop Name| min | max |  Latency |  achieved |   target  | Count| Pipelined|
        +----------+-----+-----+----------+-----------+-----------+------+----------+
        |- myloop  |  765|  765|         3|          -|          -|   255|    no    |
        +----------+-----+-----+----------+-----------+-----------+------+----------+



================================================================
== Utilization Estimates
================================================================
* Summary: 
+-----------------+---------+-------+-------+-------+
|       Name      | BRAM_18K| DSP48E|   FF  |  LUT  |
+-----------------+---------+-------+-------+-------+
|DSP              |        -|      3|      -|      -|
|Expression       |        -|      -|      0|    329|
|FIFO             |        -|      -|      -|      -|
|Instance         |        -|      -|      -|      -|
|Memory           |        -|      -|      -|      -|
|Multiplexer      |        -|      -|      -|     63|
|Register         |        -|      -|    303|      -|
+-----------------+---------+-------+-------+-------+
|Total            |        0|      3|    303|    392|
+-----------------+---------+-------+-------+-------+
|Available        |      100|     90|  41600|  20800|
+-----------------+---------+-------+-------+-------+
|Utilization (%)  |        0|      3|   ~0  |      1|
+-----------------+---------+-------+-------+-------+

+ Detail: 
    * Instance: 
    N/A

    * DSP48: 
    +-------------------------+----------------------+-----------+
    |         Instance        |        Module        | Expression|
    +-------------------------+----------------------+-----------+
    |mandel_calc_mul_mbkb_U1  |mandel_calc_mul_mbkb  |  i0 * i0  |
    |mandel_calc_mul_mbkb_U2  |mandel_calc_mul_mbkb  |  i0 * i0  |
    |mandel_calc_mul_mbkb_U3  |mandel_calc_mul_mbkb  |  i0 * i1  |
    +-------------------------+----------------------+-----------+

    * Memory: 
    N/A

    * FIFO: 
    N/A

    * Expression: 
    +----------------------+----------+-------+---+----+------------+------------+
    |     Variable Name    | Operation| DSP48E| FF| LUT| Bitwidth P0| Bitwidth P1|
    +----------------------+----------+-------+---+----+------------+------------+
    |p_Val2_10_fu_287_p2   |     +    |      0|  0|  46|          39|          39|
    |p_Val2_12_fu_305_p2   |     +    |      0|  0|  39|          32|          32|
    |p_Val2_14_fu_317_p2   |     +    |      0|  0|  32|          32|          32|
    |p_Val2_3_fu_243_p2    |     +    |      0|  0|  39|          32|          32|
    |p_Val2_7_fu_251_p2    |     +    |      0|  0|  39|          32|          32|
    |r_V_fu_264_p2         |     +    |      0|  0|  40|          33|          33|
    |tmp_10_fu_167_p2      |     +    |      0|  0|  15|           8|           1|
    |tmp_6_fu_325_p2       |     +    |      0|  0|  15|           8|           8|
    |p_Val2_s_8_fu_311_p2  |     -    |      0|  0|  32|          32|          32|
    |tmp_5_fu_161_p2       |   icmp   |      0|  0|  11|           8|           2|
    |val_assign_fu_270_p2  |   icmp   |      0|  0|  21|          33|          31|
    +----------------------+----------+-------+---+----+------------+------------+
    |Total                 |          |      0|  0| 329|         289|         274|
    +----------------------+----------+-------+---+----+------------+------------+

    * Multiplexer: 
    +-----------------+----+-----------+-----+-----------+
    |       Name      | LUT| Input Size| Bits| Total Bits|
    +-----------------+----+-----------+-----+-----------+
    |ap_NS_fsm        |  27|          5|    1|          5|
    |count_V_reg_101  |   9|          2|    8|         16|
    |p_Val2_4_reg_83  |   9|          2|   32|         64|
    |p_Val2_s_reg_92  |   9|          2|   32|         64|
    |t_V_reg_114      |   9|          2|    8|         16|
    +-----------------+----+-----------+-----+-----------+
    |Total            |  63|         13|   81|        165|
    +-----------------+----+-----------+-----+-----------+

    * Register: 
    +--------------------------+----+----+-----+-----------+
    |           Name           | FF | LUT| Bits| Const Bits|
    +--------------------------+----+----+-----+-----------+
    |ap_CS_fsm                 |   4|   0|    4|          0|
    |count_V_reg_101           |   8|   0|    8|          0|
    |p_Val2_12_reg_413         |  32|   0|   32|          0|
    |p_Val2_13_cast_reg_354    |  20|   0|   32|         12|
    |p_Val2_14_reg_418         |  32|   0|   32|          0|
    |p_Val2_2_reg_378          |  32|   0|   32|          0|
    |p_Val2_4_reg_83           |  32|   0|   32|          0|
    |p_Val2_6_reg_388          |  32|   0|   32|          0|
    |p_Val2_s_reg_92           |  32|   0|   32|          0|
    |r_V_1_reg_398             |  36|   0|   36|          0|
    |t_V_reg_114               |   8|   0|    8|          0|
    |tmp_10_reg_373            |   8|   0|    8|          0|
    |tmp_12_reg_393            |   1|   0|    1|          0|
    |tmp_13_reg_403            |   1|   0|    1|          0|
    |tmp_15_cast_cast_reg_365  |  23|   0|   39|         16|
    |tmp_reg_383               |   1|   0|    1|          0|
    |val_assign_reg_408        |   1|   0|    1|          0|
    +--------------------------+----+----+-----+-----------+
    |Total                     | 303|   0|  331|         28|
    +--------------------------+----+----+-----+-----------+



================================================================
== Interface
================================================================
* Summary: 
+--------------------+-----+-----+------------+--------------+--------------+
|      RTL Ports     | Dir | Bits|  Protocol  | Source Object|    C Type    |
+--------------------+-----+-----+------------+--------------+--------------+
|ap_clk              |  in |    1| ap_ctrl_hs |  mandel_calc | return value |
|ap_rst              |  in |    1| ap_ctrl_hs |  mandel_calc | return value |
|ap_start            |  in |    1| ap_ctrl_hs |  mandel_calc | return value |
|ap_done             | out |    1| ap_ctrl_hs |  mandel_calc | return value |
|ap_idle             | out |    1| ap_ctrl_hs |  mandel_calc | return value |
|ap_ready            | out |    1| ap_ctrl_hs |  mandel_calc | return value |
|re_V                |  in |   18|   ap_none  |     re_V     |    scalar    |
|im_V                |  in |   18|   ap_none  |     im_V     |    scalar    |
|count_out_V         | out |    8|   ap_vld   |  count_out_V |    pointer   |
|count_out_V_ap_vld  | out |    1|   ap_vld   |  count_out_V |    pointer   |
+--------------------+-----+-----+------------+--------------+--------------+

