Report time       : Sat Feb 15 16:01:28 EST 2020.
Solution          : solution4_full_pipeline.
Simulation tool   : xsim.

+----------+----------+-----------------------------------------------+-----------------------------------------------+
|          |          |                    Latency                    |                    Interval                   |
+   RTL    +  Status  +-----------------------------------------------+-----------------------------------------------+
|          |          |      min      |      avg      |      max      |      min      |      avg      |      max      |
+----------+----------+-----------------------------------------------+-----------------------------------------------+
|      VHDL|        NA|             NA|             NA|             NA|             NA|             NA|             NA|
|   Verilog|      Pass|            142|            142|            142|             NA|             NA|             NA|
+----------+----------+-----------------------------------------------+-----------------------------------------------+
