

================================================================
== Vivado HLS Report for 'Block_proc'
================================================================
* Date:           Sun Aug 23 11:10:18 2020

* Version:        2020.1 (Build 2897737 on Wed May 27 20:21:37 MDT 2020)
* Project:        proj_hls_stream
* Solution:       solution1
* Product family: artix7
* Target device:  xc7a35t-cpg236-1


================================================================
== Performance Estimates
================================================================
+ Timing: 
    * Summary: 
    +--------+---------+----------+------------+
    |  Clock |  Target | Estimated| Uncertainty|
    +--------+---------+----------+------------+
    |ap_clk  | 5.00 ns | 4.375 ns |   0.62 ns  |
    +--------+---------+----------+------------+

+ Latency: 
    * Summary: 
    +---------+---------+----------+----------+-----+-----+---------+
    |  Latency (cycles) |  Latency (absolute) |  Interval | Pipeline|
    |   min   |   max   |    min   |    max   | min | max |   Type  |
    +---------+---------+----------+----------+-----+-----+---------+
    |        0|        0|   0 ns   |   0 ns   |    0|    0|   none  |
    +---------+---------+----------+----------+-----+-----+---------+

    + Detail: 
        * Instance: 
        N/A

        * Loop: 
        N/A



================================================================
== Utilization Estimates
================================================================
* Summary: 
+-----------------+---------+-------+-------+-------+-----+
|       Name      | BRAM_18K| DSP48E|   FF  |  LUT  | URAM|
+-----------------+---------+-------+-------+-------+-----+
|DSP              |        -|      -|      -|      -|    -|
|Expression       |        -|      -|      0|      2|    -|
|FIFO             |        -|      -|      -|      -|    -|
|Instance         |        -|      -|      -|      -|    -|
|Memory           |        -|      -|      -|      -|    -|
|Multiplexer      |        -|      -|      -|     45|    -|
|Register         |        -|      -|     17|      -|    -|
+-----------------+---------+-------+-------+-------+-----+
|Total            |        0|      0|     17|     47|    0|
+-----------------+---------+-------+-------+-------+-----+
|Available        |      100|     90|  41600|  20800|    0|
+-----------------+---------+-------+-------+-------+-----+
|Utilization (%)  |        0|      0|   ~0  |   ~0  |    0|
+-----------------+---------+-------+-------+-------+-----+

+ Detail: 
    * Instance: 
    N/A

    * DSP48E: 
    N/A

    * Memory: 
    N/A

    * FIFO: 
    N/A

    * Expression: 
    +-----------------+----------+-------+---+----+------------+------------+
    |  Variable Name  | Operation| DSP48E| FF| LUT| Bitwidth P0| Bitwidth P1|
    +-----------------+----------+-------+---+----+------------+------------+
    |ap_block_state1  |    or    |      0|  0|   2|           1|           1|
    +-----------------+----------+-------+---+----+------------+------------+
    |Total            |          |      0|  0|   2|           1|           1|
    +-----------------+----------+-------+---+----+------------+------------+

    * Multiplexer: 
    +-----------------------------+----+-----------+-----+-----------+
    |             Name            | LUT| Input Size| Bits| Total Bits|
    +-----------------------------+----+-----------+-----+-----------+
    |ap_done                      |   9|          2|    1|          2|
    |ap_return                    |   9|          2|   14|         28|
    |bytes_out_len_out_out_blk_n  |   9|          2|    1|          2|
    |real_start                   |   9|          2|    1|          2|
    |strm_len_blk_n               |   9|          2|    1|          2|
    +-----------------------------+----+-----------+-----+-----------+
    |Total                        |  45|         10|   18|         36|
    +-----------------------------+----+-----------+-----+-----------+

    * Register: 
    +----------------+----+----+-----+-----------+
    |      Name      | FF | LUT| Bits| Const Bits|
    +----------------+----+----+-----+-----------+
    |ap_CS_fsm       |   1|   0|    1|          0|
    |ap_done_reg     |   1|   0|    1|          0|
    |ap_return_preg  |  14|   0|   14|          0|
    |start_once_reg  |   1|   0|    1|          0|
    +----------------+----+----+-----+-----------+
    |Total           |  17|   0|   17|          0|
    +----------------+----+----+-----+-----------+



================================================================
== Interface
================================================================
* Summary: 
+------------------------------+-----+-----+------------+-----------------------+--------------+
|           RTL Ports          | Dir | Bits|  Protocol  |     Source Object     |    C Type    |
+------------------------------+-----+-----+------------+-----------------------+--------------+
|ap_clk                        |  in |    1| ap_ctrl_hs |      Block__proc      | return value |
|ap_rst                        |  in |    1| ap_ctrl_hs |      Block__proc      | return value |
|ap_start                      |  in |    1| ap_ctrl_hs |      Block__proc      | return value |
|start_full_n                  |  in |    1| ap_ctrl_hs |      Block__proc      | return value |
|ap_done                       | out |    1| ap_ctrl_hs |      Block__proc      | return value |
|ap_continue                   |  in |    1| ap_ctrl_hs |      Block__proc      | return value |
|ap_idle                       | out |    1| ap_ctrl_hs |      Block__proc      | return value |
|ap_ready                      | out |    1| ap_ctrl_hs |      Block__proc      | return value |
|start_out                     | out |    1| ap_ctrl_hs |      Block__proc      | return value |
|start_write                   | out |    1| ap_ctrl_hs |      Block__proc      | return value |
|ap_return                     | out |   14| ap_ctrl_hs |      Block__proc      | return value |
|strm_len_dout                 |  in |   16|   ap_fifo  |        strm_len       |    pointer   |
|strm_len_empty_n              |  in |    1|   ap_fifo  |        strm_len       |    pointer   |
|strm_len_read                 | out |    1|   ap_fifo  |        strm_len       |    pointer   |
|bytes_out_len_out_out_din     | out |   14|   ap_fifo  | bytes_out_len_out_out |    pointer   |
|bytes_out_len_out_out_full_n  |  in |    1|   ap_fifo  | bytes_out_len_out_out |    pointer   |
|bytes_out_len_out_out_write   | out |    1|   ap_fifo  | bytes_out_len_out_out |    pointer   |
+------------------------------+-----+-----+------------+-----------------------+--------------+

