

================================================================
== Vivado HLS Report for 'bytestrm_dwordproc'
================================================================
* Date:           Sun Aug 23 11:10:18 2020

* Version:        2020.1 (Build 2897737 on Wed May 27 20:21:37 MDT 2020)
* Project:        proj_hls_stream
* Solution:       solution1
* Product family: artix7
* Target device:  xc7a35t-cpg236-1


================================================================
== Performance Estimates
================================================================
+ Timing: 
    * Summary: 
    +--------+---------+----------+------------+
    |  Clock |  Target | Estimated| Uncertainty|
    +--------+---------+----------+------------+
    |ap_clk  | 5.00 ns | 4.375 ns |   0.62 ns  |
    +--------+---------+----------+------------+

+ Latency: 
    * Summary: 
    +---------+---------+-----------+----------+-----+------+----------+
    |  Latency (cycles) |  Latency (absolute)  |  Interval  | Pipeline |
    |   min   |   max   |    min    |    max   | min |  max |   Type   |
    +---------+---------+-----------+----------+-----+------+----------+
    |        6|     1490| 30.000 ns | 7.450 us |    3|  1490| dataflow |
    +---------+---------+-----------+----------+-----+------+----------+

    + Detail: 
        * Instance: 
        +-------------------------+----------------------+---------+---------+-----------+----------+-----+------+---------+
        |                         |                      |  Latency (cycles) |  Latency (absolute)  |  Interval  | Pipeline|
        |         Instance        |        Module        |   min   |   max   |    min    |    max   | min |  max |   Type  |
        +-------------------------+----------------------+---------+---------+-----------+----------+-----+------+---------+
        |decimate_strm_U0         |decimate_strm         |        2|      376| 10.000 ns | 1.880 us |    2|   376|   none  |
        |strm_words2bytes_U0      |strm_words2bytes      |        1|      745|  5.000 ns | 3.725 us |    1|   745|   none  |
        |strm_bytes2words_U0      |strm_bytes2words      |        1|     1489|  5.000 ns | 7.445 us |    1|  1489|   none  |
        |Block_proc_U0            |Block_proc            |        0|        0|    0 ns   |   0 ns   |    0|     0|   none  |
        |bytestrm_dwordproc_e_U0  |bytestrm_dwordproc_e  |        0|        0|    0 ns   |   0 ns   |    0|     0|   none  |
        +-------------------------+----------------------+---------+---------+-----------+----------+-----+------+---------+

        * Loop: 
        N/A



================================================================
== Utilization Estimates
================================================================
* Summary: 
+-----------------+---------+-------+-------+-------+-----+
|       Name      | BRAM_18K| DSP48E|   FF  |  LUT  | URAM|
+-----------------+---------+-------+-------+-------+-----+
|DSP              |        -|      -|      -|      -|    -|
|Expression       |        -|      -|      0|     32|    -|
|FIFO             |        0|      -|     30|    184|    -|
|Instance         |        0|      -|    355|    632|    -|
|Memory           |        -|      -|      -|      -|    -|
|Multiplexer      |        -|      -|      -|     36|    -|
|Register         |        -|      -|      6|      -|    -|
+-----------------+---------+-------+-------+-------+-----+
|Total            |        0|      0|    391|    884|    0|
+-----------------+---------+-------+-------+-------+-----+
|Available        |      100|     90|  41600|  20800|    0|
+-----------------+---------+-------+-------+-------+-----+
|Utilization (%)  |        0|      0|   ~0  |      4|    0|
+-----------------+---------+-------+-------+-------+-----+

+ Detail: 
    * Instance: 
    +-------------------------+----------------------+---------+-------+-----+-----+-----+
    |         Instance        |        Module        | BRAM_18K| DSP48E|  FF | LUT | URAM|
    +-------------------------+----------------------+---------+-------+-----+-----+-----+
    |Block_proc_U0            |Block_proc            |        0|      0|   17|   47|    0|
    |bytestrm_dwordproc_e_U0  |bytestrm_dwordproc_e  |        0|      0|    3|   38|    0|
    |decimate_strm_U0         |decimate_strm         |        0|      0|  206|  297|    0|
    |strm_bytes2words_U0      |strm_bytes2words      |        0|      0|   59|  119|    0|
    |strm_words2bytes_U0      |strm_words2bytes      |        0|      0|   70|  131|    0|
    +-------------------------+----------------------+---------+-------+-----+-----+-----+
    |Total                    |                      |        0|      0|  355|  632|    0|
    +-------------------------+----------------------+---------+-------+-----+-----+-----+

    * DSP48E: 
    N/A

    * Memory: 
    N/A

    * FIFO: 
    +------------------------+---------+---+----+-----+------+-----+---------+
    |          Name          | BRAM_18K| FF| LUT| URAM| Depth| Bits| Size:D*B|
    +------------------------+---------+---+----+-----+------+-----+---------+
    |bytes_out_len_loc_c_U   |        0|  5|   0|    -|     3|   14|       42|
    |dwords_in_len_cast_l_U  |        0|  5|   0|    -|     2|   14|       28|
    |dwordstrm_in_V_U        |        0|  5|   0|    -|     4|   32|      128|
    |dwordstrm_out_V_U       |        0|  5|   0|    -|     2|   32|       64|
    |strm_len_c2_U           |        0|  5|   0|    -|     2|   16|       32|
    |strm_len_c_U            |        0|  5|   0|    -|     2|   16|       32|
    +------------------------+---------+---+----+-----+------+-----+---------+
    |Total                   |        0| 30|   0|    0|    15|  124|      326|
    +------------------------+---------+---+----+-----+------+-----+---------+

    * Expression: 
    +------------------------------------------+----------+-------+---+----+------------+------------+
    |               Variable Name              | Operation| DSP48E| FF| LUT| Bitwidth P0| Bitwidth P1|
    +------------------------------------------+----------+-------+---+----+------------+------------+
    |bytestrm_dwordproc_e_U0_ap_ready_count    |     +    |      0|  0|  10|           2|           1|
    |strm_bytes2words_U0_ap_ready_count        |     +    |      0|  0|  10|           2|           1|
    |ap_idle                                   |    and   |      0|  0|   2|           1|           1|
    |ap_sync_ready                             |    and   |      0|  0|   2|           1|           1|
    |bytestrm_dwordproc_e_U0_ap_start          |    and   |      0|  0|   2|           1|           1|
    |strm_bytes2words_U0_ap_start              |    and   |      0|  0|   2|           1|           1|
    |ap_sync_bytestrm_dwordproc_e_U0_ap_ready  |    or    |      0|  0|   2|           1|           1|
    |ap_sync_strm_bytes2words_U0_ap_ready      |    or    |      0|  0|   2|           1|           1|
    +------------------------------------------+----------+-------+---+----+------------+------------+
    |Total                                     |          |      0|  0|  32|          10|           8|
    +------------------------------------------+----------+-------+---+----+------------+------------+

    * Multiplexer: 
    +----------------------------------------------+----+-----------+-----+-----------+
    |                     Name                     | LUT| Input Size| Bits| Total Bits|
    +----------------------------------------------+----+-----------+-----+-----------+
    |ap_sync_reg_bytestrm_dwordproc_e_U0_ap_ready  |   9|          2|    1|          2|
    |ap_sync_reg_strm_bytes2words_U0_ap_ready      |   9|          2|    1|          2|
    |bytestrm_dwordproc_e_U0_ap_ready_count        |   9|          2|    2|          4|
    |strm_bytes2words_U0_ap_ready_count            |   9|          2|    2|          4|
    +----------------------------------------------+----+-----------+-----+-----------+
    |Total                                         |  36|          8|    6|         12|
    +----------------------------------------------+----+-----------+-----+-----------+

    * Register: 
    +----------------------------------------------+---+----+-----+-----------+
    |                     Name                     | FF| LUT| Bits| Const Bits|
    +----------------------------------------------+---+----+-----+-----------+
    |ap_sync_reg_bytestrm_dwordproc_e_U0_ap_ready  |  1|   0|    1|          0|
    |ap_sync_reg_strm_bytes2words_U0_ap_ready      |  1|   0|    1|          0|
    |bytestrm_dwordproc_e_U0_ap_ready_count        |  2|   0|    2|          0|
    |strm_bytes2words_U0_ap_ready_count            |  2|   0|    2|          0|
    +----------------------------------------------+---+----+-----+-----------+
    |Total                                         |  6|   0|    6|          0|
    +----------------------------------------------+---+----+-----+-----------+



================================================================
== Interface
================================================================
* Summary: 
+-------------------+-----+-----+------------+--------------------+--------------+
|     RTL Ports     | Dir | Bits|  Protocol  |    Source Object   |    C Type    |
+-------------------+-----+-----+------------+--------------------+--------------+
|strm_out_V_TDATA   | out |    8|    axis    |     strm_out_V     |    pointer   |
|strm_out_V_TVALID  | out |    1|    axis    |     strm_out_V     |    pointer   |
|strm_out_V_TREADY  |  in |    1|    axis    |     strm_out_V     |    pointer   |
|strm_in_V_TDATA    |  in |    8|    axis    |      strm_in_V     |    pointer   |
|strm_in_V_TVALID   |  in |    1|    axis    |      strm_in_V     |    pointer   |
|strm_in_V_TREADY   | out |    1|    axis    |      strm_in_V     |    pointer   |
|strm_len           |  in |   16|   ap_none  |      strm_len      |    scalar    |
|ap_clk             |  in |    1| ap_ctrl_hs | bytestrm_dwordproc | return value |
|ap_rst_n           |  in |    1| ap_ctrl_hs | bytestrm_dwordproc | return value |
|ap_start           |  in |    1| ap_ctrl_hs | bytestrm_dwordproc | return value |
|ap_done            | out |    1| ap_ctrl_hs | bytestrm_dwordproc | return value |
|ap_ready           | out |    1| ap_ctrl_hs | bytestrm_dwordproc | return value |
|ap_idle            | out |    1| ap_ctrl_hs | bytestrm_dwordproc | return value |
+-------------------+-----+-----+------------+--------------------+--------------+

