

================================================================
== Vivado HLS Report for 'cpp_ap_fixed'
================================================================
* Date:           Sat Feb 24 22:05:22 2018

* Version:        2017.4 (Build 2086221 on Fri Dec 15 21:13:33 MST 2017)
* Project:        proj_cpp_ap_fixed
* Solution:       solution1
* Product family: artix7
* Target device:  xc7a200tfbg676-2


================================================================
== Performance Estimates
================================================================
+ Timing (ns): 
    * Summary: 
    +--------+-------+----------+------------+
    |  Clock | Target| Estimated| Uncertainty|
    +--------+-------+----------+------------+
    |ap_clk  |   4.00|      3.76|        0.50|
    +--------+-------+----------+------------+

+ Latency (clock cycles): 
    * Summary: 
    +-----+-----+-----+-----+---------+
    |  Latency  |  Interval | Pipeline|
    | min | max | min | max |   Type  |
    +-----+-----+-----+-----+---------+
    |    3|    3|    3|    3|   none  |
    +-----+-----+-----+-----+---------+

    + Detail: 
        * Instance: 
        N/A

        * Loop: 
        N/A



================================================================
== Utilization Estimates
================================================================
* Summary: 
+-----------------+---------+-------+--------+--------+
|       Name      | BRAM_18K| DSP48E|   FF   |   LUT  |
+-----------------+---------+-------+--------+--------+
|DSP              |        -|      1|       -|       -|
|Expression       |        -|      -|       -|       -|
|FIFO             |        -|      -|       -|       -|
|Instance         |        -|      -|       -|       -|
|Memory           |        -|      -|       -|       -|
|Multiplexer      |        -|      -|       -|      27|
|Register         |        -|      -|      23|       -|
+-----------------+---------+-------+--------+--------+
|Total            |        0|      1|      23|      27|
+-----------------+---------+-------+--------+--------+
|Available        |      730|    740|  269200|  129000|
+-----------------+---------+-------+--------+--------+
|Utilization (%)  |        0|   ~0  |   ~0   |   ~0   |
+-----------------+---------+-------+--------+--------+

+ Detail: 
    * Instance: 
    N/A

    * DSP48: 
    +-------------------------+----------------------+-----------+
    |         Instance        |        Module        | Expression|
    +-------------------------+----------------------+-----------+
    |cpp_ap_fixed_mul_bkb_U1  |cpp_ap_fixed_mul_bkb  |  i0 * i1  |
    +-------------------------+----------------------+-----------+

    * Memory: 
    N/A

    * FIFO: 
    N/A

    * Expression: 
    N/A

    * Multiplexer: 
    +-----------+----+-----------+-----+-----------+
    |    Name   | LUT| Input Size| Bits| Total Bits|
    +-----------+----+-----------+-----+-----------+
    |ap_NS_fsm  |  27|          5|    1|          5|
    +-----------+----+-----------+-----+-----------+
    |Total      |  27|          5|    1|          5|
    +-----------+----+-----------+-----+-----------+

    * Register: 
    +-----------------+----+----+-----+-----------+
    |       Name      | FF | LUT| Bits| Const Bits|
    +-----------------+----+----+-----+-----------+
    |ap_CS_fsm        |   4|   0|    4|          0|
    |p_Val2_s_reg_83  |  19|   0|   19|          0|
    +-----------------+----+----+-----+-----------+
    |Total            |  23|   0|   23|          0|
    +-----------------+----+----+-----+-----------+



================================================================
== Interface
================================================================
* Summary: 
+-----------+-----+-----+------------+--------------+--------------+
| RTL Ports | Dir | Bits|  Protocol  | Source Object|    C Type    |
+-----------+-----+-----+------------+--------------+--------------+
|ap_clk     |  in |    1| ap_ctrl_hs | cpp_ap_fixed | return value |
|ap_rst     |  in |    1| ap_ctrl_hs | cpp_ap_fixed | return value |
|ap_start   |  in |    1| ap_ctrl_hs | cpp_ap_fixed | return value |
|ap_done    | out |    1| ap_ctrl_hs | cpp_ap_fixed | return value |
|ap_idle    | out |    1| ap_ctrl_hs | cpp_ap_fixed | return value |
|ap_ready   | out |    1| ap_ctrl_hs | cpp_ap_fixed | return value |
|ap_return  | out |   36| ap_ctrl_hs | cpp_ap_fixed | return value |
|d_in1_V    |  in |   10|   ap_none  |    d_in1_V   |    scalar    |
|d_in2_V    |  in |    6|   ap_none  |    d_in2_V   |    scalar    |
+-----------+-----+-----+------------+--------------+--------------+

